// Jest Snapshot v1, https://goo.gl/fbAQLP

exports[`SearchPageContainer should match snapshot 1`] = `
<SearchPageComponent
  onSearch={[Function]}
  page={[Function]}
  search={
    Object {
      "page": 1,
      "results": Array [],
      "totalPages": 10,
    }
  }
  searchRequest={[Function]}
  store={
    Object {
      "clearActions": [Function],
      "dispatch": [MockFunction] {
        "calls": Array [
          Array [
            Object {
              "payload": Object {
                "page": 10,
                "query": undefined,
              },
              "type": "SEARCH_REQUEST",
            },
          ],
          Array [
            Object {
              "payload": Object {
                "page": 1,
                "query": "search string",
              },
              "type": "SEARCH_REQUEST",
            },
          ],
        ],
        "results": Array [
          Object {
            "type": "return",
            "value": undefined,
          },
          Object {
            "type": "return",
            "value": undefined,
          },
        ],
      },
      "getActions": [Function],
      "getState": [Function],
      "replaceReducer": [Function],
      "subscribe": [Function],
    }
  }
  storeSubscription={
    Subscription {
      "listeners": Object {
        "clear": [Function],
        "get": [Function],
        "notify": [Function],
        "subscribe": [Function],
      },
      "onStateChange": [Function],
      "parentSub": undefined,
      "store": Object {
        "clearActions": [Function],
        "dispatch": [MockFunction] {
          "calls": Array [
            Array [
              Object {
                "payload": Object {
                  "page": 10,
                  "query": undefined,
                },
                "type": "SEARCH_REQUEST",
              },
            ],
            Array [
              Object {
                "payload": Object {
                  "page": 1,
                  "query": "search string",
                },
                "type": "SEARCH_REQUEST",
              },
            ],
          ],
          "results": Array [
            Object {
              "type": "return",
              "value": undefined,
            },
            Object {
              "type": "return",
              "value": undefined,
            },
          ],
        },
        "getActions": [Function],
        "getState": [Function],
        "replaceReducer": [Function],
        "subscribe": [Function],
      },
      "unsubscribe": [Function],
    }
  }
/>
`;
