// Jest Snapshot v1, https://goo.gl/fbAQLP

exports[`<NotFound /> container render property 1`] = `ShallowWrapper {}`;
