// Jest Snapshot v1, https://goo.gl/fbAQLP

exports[`<LoginFormComponent /> component Render property 1`] = `
<Adapter
  className="login"
>
  <Title>
    The Movie DB
  </Title>
  <Formik
    enableReinitialize={false}
    initialValues={
      Object {
        "password": "",
        "username": "",
      }
    }
    isInitialValid={false}
    onSubmit={[Function]}
    render={[Function]}
    validateOnBlur={true}
    validateOnChange={true}
    validationSchema={
      ObjectSchema {
        "_blacklist": RefSet {
          "list": Set {},
          "refs": Map {},
        },
        "_conditions": Array [],
        "_defaultDefault": [Function],
        "_deps": Array [],
        "_excludedEdges": Array [],
        "_exclusive": Object {},
        "_mutate": undefined,
        "_nodes": Array [
          "password",
          "username",
        ],
        "_options": Object {
          "abortEarly": true,
          "recursive": true,
        },
        "_type": "object",
        "_typeError": [Function],
        "_whitelist": RefSet {
          "list": Set {},
          "refs": Map {},
        },
        "fields": Object {
          "password": StringSchema {
            "_blacklist": RefSet {
              "list": Set {},
              "refs": Map {},
            },
            "_conditions": Array [],
            "_deps": Array [],
            "_exclusive": Object {
              "min": true,
              "required": true,
            },
            "_mutate": undefined,
            "_options": Object {
              "abortEarly": true,
              "recursive": true,
            },
            "_type": "string",
            "_typeError": [Function],
            "_whitelist": RefSet {
              "list": Set {},
              "refs": Map {},
            },
            "tests": Array [
              [Function],
              [Function],
            ],
            "transforms": Array [
              [Function],
            ],
          },
          "username": StringSchema {
            "_blacklist": RefSet {
              "list": Set {},
              "refs": Map {},
            },
            "_conditions": Array [],
            "_deps": Array [],
            "_exclusive": Object {
              "required": true,
              "undefined": false,
            },
            "_mutate": undefined,
            "_options": Object {
              "abortEarly": true,
              "recursive": true,
            },
            "_type": "string",
            "_typeError": [Function],
            "_whitelist": RefSet {
              "list": Set {},
              "refs": Map {},
            },
            "tests": Array [
              [Function],
              [Function],
            ],
            "transforms": Array [
              [Function],
            ],
          },
        },
        "tests": Array [],
        "transforms": Array [
          [Function],
        ],
      }
    }
  />
</Adapter>
`;
