// Jest Snapshot v1, https://goo.gl/fbAQLP

exports[`<FavoritesContainer /> Render snapshot - FavoritesContainer 1`] = `
<FavoritesContainer
  addToFavoriteRequest={[Function]}
  favoriteRequest={[Function]}
  favorites={
    Object {
      "page": 1,
      "results": Array [],
      "totalPages": 10,
      "totalResults": 100,
    }
  }
  store={
    Object {
      "clearActions": [Function],
      "dispatch": [MockFunction] {
        "calls": Array [
          Array [
            Object {
              "payload": Object {
                "page": 1,
              },
              "type": "FAVORITE_REQUEST",
            },
          ],
          Array [
            Object {
              "payload": Object {
                "page": 1,
              },
              "type": "FAVORITE_REQUEST",
            },
          ],
          Array [
            Object {
              "payload": Object {
                "page": 10,
              },
              "type": "FAVORITE_REQUEST",
            },
          ],
        ],
        "results": Array [
          Object {
            "type": "return",
            "value": undefined,
          },
          Object {
            "type": "return",
            "value": undefined,
          },
          Object {
            "type": "return",
            "value": undefined,
          },
        ],
      },
      "getActions": [Function],
      "getState": [Function],
      "replaceReducer": [Function],
      "subscribe": [Function],
    }
  }
  storeSubscription={
    Subscription {
      "listeners": Object {
        "clear": [Function],
        "get": [Function],
        "notify": [Function],
        "subscribe": [Function],
      },
      "onStateChange": [Function],
      "parentSub": undefined,
      "store": Object {
        "clearActions": [Function],
        "dispatch": [MockFunction] {
          "calls": Array [
            Array [
              Object {
                "payload": Object {
                  "page": 1,
                },
                "type": "FAVORITE_REQUEST",
              },
            ],
            Array [
              Object {
                "payload": Object {
                  "page": 1,
                },
                "type": "FAVORITE_REQUEST",
              },
            ],
            Array [
              Object {
                "payload": Object {
                  "page": 10,
                },
                "type": "FAVORITE_REQUEST",
              },
            ],
          ],
          "results": Array [
            Object {
              "type": "return",
              "value": undefined,
            },
            Object {
              "type": "return",
              "value": undefined,
            },
            Object {
              "type": "return",
              "value": undefined,
            },
          ],
        },
        "getActions": [Function],
        "getState": [Function],
        "replaceReducer": [Function],
        "subscribe": [Function],
      },
      "unsubscribe": [Function],
    }
  }
/>
`;
