// Jest Snapshot v1, https://goo.gl/fbAQLP

exports[`<NotFound /> component render property 1`] = `
<section
  className="section not-found"
>
  <div
    className="wrapper"
  >
    <h2
      className="not-found__title"
    >
      Page not found
    </h2>
    <h1
      className="not-found__subTitle"
    >
      404
    </h1>
  </div>
</section>
`;
