// Jest Snapshot v1, https://goo.gl/fbAQLP

exports[`<LoginFormContainer /> should match snapshot 1`] = `
<LoginFormComponent
  createSessionRequest={[Function]}
  loginError="field error"
  onSubmit={[Function]}
  store={
    Object {
      "clearActions": [Function],
      "dispatch": [MockFunction] {
        "calls": Array [
          Array [
            Object {
              "payload": Object {
                "actions": Object {
                  "setSubmitting": [MockFunction] {
                    "calls": Array [
                      Array [
                        true,
                      ],
                    ],
                    "results": Array [
                      Object {
                        "type": "return",
                        "value": undefined,
                      },
                    ],
                  },
                },
                "values": Object {
                  "login": "login",
                  "password": "password",
                },
              },
              "type": "CREATE_SESSION_REQUEST",
            },
          ],
        ],
        "results": Array [
          Object {
            "type": "return",
            "value": undefined,
          },
        ],
      },
      "getActions": [Function],
      "getState": [Function],
      "replaceReducer": [Function],
      "subscribe": [Function],
    }
  }
  storeSubscription={
    Subscription {
      "listeners": Object {
        "clear": [Function],
        "get": [Function],
        "notify": [Function],
        "subscribe": [Function],
      },
      "onStateChange": [Function],
      "parentSub": undefined,
      "store": Object {
        "clearActions": [Function],
        "dispatch": [MockFunction] {
          "calls": Array [
            Array [
              Object {
                "payload": Object {
                  "actions": Object {
                    "setSubmitting": [MockFunction] {
                      "calls": Array [
                        Array [
                          true,
                        ],
                      ],
                      "results": Array [
                        Object {
                          "type": "return",
                          "value": undefined,
                        },
                      ],
                    },
                  },
                  "values": Object {
                    "login": "login",
                    "password": "password",
                  },
                },
                "type": "CREATE_SESSION_REQUEST",
              },
            ],
          ],
          "results": Array [
            Object {
              "type": "return",
              "value": undefined,
            },
          ],
        },
        "getActions": [Function],
        "getState": [Function],
        "replaceReducer": [Function],
        "subscribe": [Function],
      },
      "unsubscribe": [Function],
    }
  }
/>
`;
