// Jest Snapshot v1, https://goo.gl/fbAQLP

exports[`<MovieLabelComponent /> should match snapshot 1`] = `
<Row
  gutter={0}
>
  <Col
    offset={2}
    span={20}
  >
    <Paragraph
      className="movie__text"
    >
      <b>
        some title
        : 
      </b>
      <span>
        some text
      </span>
    </Paragraph>
  </Col>
</Row>
`;
