// Jest Snapshot v1, https://goo.gl/fbAQLP

exports[`<WatchlistComponent /> container render property 1`] = `
<Fragment>
  <h1>
    Watchlist
  </h1>
</Fragment>
`;
