// Jest Snapshot v1, https://goo.gl/fbAQLP

exports[`<PopoverNavLinkComponent /> should match snapshot 1`] = `
<Button
  block={false}
  ghost={false}
  htmlType="button"
  loading={false}
  onClick={[Function]}
  type="link"
>
  list 1
</Button>
`;
