// Jest Snapshot v1, https://goo.gl/fbAQLP

exports[`<AppComponent /> component Render property 1`] = `
<Route
  render={[Function]}
/>
`;
